// Jest Snapshot v1, https://goo.gl/fbAQLP

exports[`JumpToNextDiscussionButton matches the snapshot 1`] = `
<div
  class="btn-group"
  role="group"
>
  <button
    class="btn btn-default discussion-next-btn"
    data-track-event="click_button"
    data-track-label="mr_next_unresolved_thread"
    data-track-property="click_next_unresolved_thread"
    title="Jump to next unresolved thread"
  >
    <gl-icon-stub
      name="comment-next"
      size="16"
    />
  </button>
</div>
`;
