// Jest Snapshot v1, https://goo.gl/fbAQLP

exports[`Settings Block renders the correct markup 1`] = `
<section
  class="settings"
>
  <div
    class="settings-header"
  >
    <h4>
      <span
        aria-controls="reference-1"
        aria-expanded="false"
        class="gl-cursor-pointer"
        data-testid="section-title-button"
        id="reference-0"
        role="button"
        tabindex="0"
      >
        <div
          data-testid="title-slot"
        />
      </span>
    </h4>
    <gl-button-stub
      aria-controls="reference-1"
      aria-expanded="false"
      aria-label="Expand settings section"
      buttontextclasses=""
      category="primary"
      icon=""
      size="medium"
      variant="default"
    >
      Expand
    </gl-button-stub>
    <p>
      <div
        data-testid="description-slot"
      />
    </p>
  </div>
  <div
    aria-labelledby="reference-0"
    class="settings-content"
    id="reference-1"
    role="region"
    style="display: none;"
    tabindex="-1"
  >
    <div
      data-testid="default-slot"
    />
  </div>
</section>
`;
