// Jest Snapshot v1, https://goo.gl/fbAQLP

exports[`Keep latest artifact checkbox when application keep latest artifact setting is enabled sets correct setting value in checkbox with query result 1`] = `
<div>
  <!---->
   
  <b-form-checkbox-stub
    checked="true"
    class="gl-form-checkbox"
    value="true"
  >
    <strong
      class="gl-mr-3"
    >
      Keep artifacts from most recent successful jobs
    </strong>
     
    <gl-link-stub
      href="/help/ci/pipelines/job_artifacts"
    >
      More information
    </gl-link-stub>
     
    <p
      class="help-text"
    >
      The latest artifacts created by jobs in the most recent successful pipeline will be stored.
    </p>
  </b-form-checkbox-stub>
</div>
`;
