// Jest Snapshot v1, https://goo.gl/fbAQLP

exports[`Keep latest artifact toggle when application keep latest artifact setting is enabled sets correct setting value in toggle with query result 1`] = `
<div>
  <div
    class="gl-display-flex gl-flex-direction-column gl-mb-0 gl-toggle-wrapper"
    data-testid="toggle-wrapper"
  >
    <span
      class="gl-flex-shrink-0 gl-mb-3 gl-toggle-label"
      data-testid="toggle-label"
      id="reference-0"
    >
      Keep artifacts from most recent successful jobs
    </span>
    <button
      aria-checked="true"
      aria-describedby="toggle-help-2"
      aria-labelledby="reference-0"
      class="gl-flex-shrink-0 gl-toggle is-checked"
      role="switch"
      type="button"
    >
      <span
        class="toggle-icon"
      >
        <gl-icon-stub
          name="mobile-issue-close"
          size="16"
        />
      </span>
    </button>
    <span
      class="gl-help-label"
      data-testid="toggle-help"
      id="reference-1"
    >
      The latest artifacts created by jobs in the most recent successful pipeline will be stored.
      <gl-link-stub
        href="/help/ci/pipelines/job_artifacts"
      >
        Learn more.
      </gl-link-stub>
    </span>
  </div>
</div>
`;
