// Jest Snapshot v1, https://goo.gl/fbAQLP

exports[`Merge request dashboard collapsible section renders section 1`] = `
<div>
  <section
    class="gl-border gl-rounded-base"
  >
    <header
      class="gl-bg-gray-10 gl-px-5 gl-py-4 gl-rounded-tl-base gl-rounded-tr-base"
    >
      <h2
        class="gl-m-0 h5"
      >
        <gl-button-stub
          aria-label="Collapse approved merge requests"
          buttontextclasses=""
          category="tertiary"
          class="gl-mr-2"
          data-testid="section-toggle-button"
          icon="chevron-down"
          size="small"
          variant="default"
        />
        Approved
        <gl-badge-stub
          class="gl-ml-1"
          data-testid="merge-request-list-count"
          iconsize="md"
          size="sm"
          tag="span"
          target="_self"
          variant="neutral"
        >
          3
        </gl-badge-stub>
        <gl-button-stub
          buttontextclasses=""
          category="primary"
          class="gl-float-right gl-inline-flex gl-relative gl-top-2"
          icon="information-o"
          size="medium"
          title=""
          variant="link"
        />
      </h2>
    </header>
    <div
      data-testid="section-content"
    >
      content
    </div>
  </section>
</div>
`;
