// Jest Snapshot v1, https://goo.gl/fbAQLP

exports[`Work Item Note Body should have the wrapper to show the note body 1`] = `
<div
  class="md note-text"
  data-testid="work-item-note-body"
>
  <p
    data-sourcepos="1:1-1:76"
    dir="auto"
  >
    <gl-emoji
      data-name="wave"
      data-unicode-version="6.0"
      title="waving hand sign"
    >
      👋
    </gl-emoji>
    Hi
    <a
      class="gfm gfm-project_member js-user-link"
      data-container="body"
      data-placement="top"
      data-reference-type="user"
      data-user="3"
      href="/fredda.brekke"
      title="Sherie Nitzsche"
    >
      @fredda.brekke
    </a>
    How are you ? what do you think about this ?
    <gl-emoji
      data-name="pray"
      data-unicode-version="6.0"
      title="person with folded hands"
    >
      🙏
    </gl-emoji>
  </p>
</div>
`;
