// Jest Snapshot v1, https://goo.gl/fbAQLP

exports[`Contributors charts should render charts and a RefSelector when loading completed and there is chart data 1`] = `
<div>
  <div
    class="gl-bg-gray-10 gl-border-b gl-border-gray-100 gl-mb-6 gl-p-5"
  >
    <div
      class="gl-display-flex"
    >
      <div
        class="gl-mr-3"
      >
        <refselector-stub
          enabledreftypes="REF_TYPE_BRANCHES,REF_TYPE_TAGS"
          name=""
          projectid="23"
          state="true"
          translations="[object Object]"
          value="main"
        />
      </div>
      <a
        class="btn btn-default btn-md gl-button"
        data-testid="history-button"
        href="some/path"
      >
        <span
          class="gl-button-text"
        >
          History
        </span>
      </a>
    </div>
  </div>
  <div
    data-testid="contributors-charts"
  >
    <h4
      class="gl-mb-2 gl-mt-5"
    >
      Commits to main
    </h4>
    <span>
      Excluding merge commits. Limited to 6,000 commits.
    </span>
    <glareachart-stub
      class="gl-mb-5"
      data="[object Object]"
      format-tooltip-text="function () { [native code] }"
      height="264"
      option="[object Object]"
      responsive=""
      width="auto"
    >
      <div
        data-testid="tooltip-title"
      />
      <div
        class="gl-display-flex gl-gap-6 gl-justify-content-space-between"
      >
        <span
          data-testid="tooltip-label"
        >
          Number of commits
        </span>
        <span
          data-testid="tooltip-value"
        >
          []
        </span>
      </div>
    </glareachart-stub>
    <div
      class="row"
    >
      <div
        class="col-12 col-lg-6 gl-my-5"
      >
        <h4
          class="gl-mb-2 gl-mt-0"
        >
          John
        </h4>
        <p
          class="gl-mb-3"
        >
          2 commits (jawnnypoo@gmail.com)
        </p>
        <glareachart-stub
          data="[object Object]"
          format-tooltip-text="function () { [native code] }"
          height="216"
          option="[object Object]"
          responsive=""
          width="auto"
        >
          <div
            data-testid="tooltip-title"
          />
          <div
            class="gl-display-flex gl-gap-6 gl-justify-content-space-between"
          >
            <span
              data-testid="tooltip-label"
            >
              Commits
            </span>
            <span
              data-testid="tooltip-value"
            >
              []
            </span>
          </div>
        </glareachart-stub>
      </div>
    </div>
  </div>
</div>
`;
