// Jest Snapshot v1, https://goo.gl/fbAQLP

exports[`Beta badge component renders the badge 1`] = `
<div>
  <a
    class="badge badge-neutral badge-pill gl-badge gl-cursor-pointer md"
    href="#"
    target="_self"
  >
    Beta
  </a>
  <div
    class="gl-popover"
  >
    <p>
      A Beta feature is not production-ready, but is unlikely to change drastically before it's released. We encourage users to try Beta features and provide feedback.
    </p>
    <p
      class="gl-mb-0"
    >
      A Beta feature:
    </p>
    <ul
      class="gl-pl-4"
    >
      <li>
        May be unstable.
      </li>
      <li>
        Should not cause data loss.
      </li>
      <li>
        Is supported by a commercially reasonable effort.
      </li>
      <li>
        Is complete or near completion.
      </li>
    </ul>
  </div>
</div>
`;
