// Jest Snapshot v1, https://goo.gl/fbAQLP

exports[`Expiration Policy Form renders 1`] = `
<div
  class="gl-line-height-20"
>
  <gl-form-group-stub
    id="expiration-policy-toggle-group"
    label="Cleanup policy:"
    label-align="right"
    label-cols="3"
    label-for="expiration-policy-toggle"
  >
    <div
      class="gl-display-flex"
    >
      <gl-toggle-stub
        id="expiration-policy-toggle"
        labelposition="top"
      />
       
      <span
        class="gl-mb-3 gl-ml-3 gl-line-height-20"
      >
        <strong>
          Disabled
        </strong>
         - Tags matching the patterns defined below will be scheduled for deletion
      </span>
    </div>
  </gl-form-group-stub>
   
  <gl-form-group-stub
    id="expiration-policy-interval-group"
    label="Expiration interval:"
    label-align="right"
    label-cols="3"
    label-for="expiration-policy-interval"
  >
    <gl-form-select-stub
      disabled="true"
      id="expiration-policy-interval"
    >
      <option
        value="foo"
      >
        
        Foo
      
      </option>
      <option
        value="bar"
      >
        
        Bar
      
      </option>
    </gl-form-select-stub>
  </gl-form-group-stub>
  <gl-form-group-stub
    id="expiration-policy-schedule-group"
    label="Expiration schedule:"
    label-align="right"
    label-cols="3"
    label-for="expiration-policy-schedule"
  >
    <gl-form-select-stub
      disabled="true"
      id="expiration-policy-schedule"
    >
      <option
        value="foo"
      >
        
        Foo
      
      </option>
      <option
        value="bar"
      >
        
        Bar
      
      </option>
    </gl-form-select-stub>
  </gl-form-group-stub>
  <gl-form-group-stub
    id="expiration-policy-latest-group"
    label="Number of tags to retain:"
    label-align="right"
    label-cols="3"
    label-for="expiration-policy-latest"
  >
    <gl-form-select-stub
      disabled="true"
      id="expiration-policy-latest"
    >
      <option
        value="foo"
      >
        
        Foo
      
      </option>
      <option
        value="bar"
      >
        
        Bar
      
      </option>
    </gl-form-select-stub>
  </gl-form-group-stub>
   
  <gl-form-group-stub
    id="expiration-policy-name-matching-group"
    label-align="right"
    label-cols="3"
    label-for="expiration-policy-name-matching"
  >
     
    <gl-form-textarea-stub
      disabled="true"
      id="expiration-policy-name-matching"
      noresize="true"
      placeholder=""
      trim=""
      value=""
    />
  </gl-form-group-stub>
  <gl-form-group-stub
    id="expiration-policy-keep-name-group"
    label-align="right"
    label-cols="3"
    label-for="expiration-policy-keep-name"
  >
     
    <gl-form-textarea-stub
      disabled="true"
      id="expiration-policy-keep-name"
      noresize="true"
      placeholder=""
      trim=""
      value=""
    />
  </gl-form-group-stub>
</div>
`;
