// Jest Snapshot v1, https://goo.gl/fbAQLP

exports[`Clone Dropdown Button rendering matches the snapshot 1`] = `
<gl-disclosure-dropdown-stub
  autoclose="true"
  category="primary"
  icon=""
  items=""
  placement="right"
  positioningstrategy="absolute"
  size="medium"
  toggleid="dropdown-toggle-btn-2"
  toggletext="Clone"
  variant="confirm"
>
  <gl-disclosure-dropdown-item-stub>
    <gl-form-group-stub
      class="gl-px-3 gl-my-3"
      label="Clone with SSH"
      labeldescription=""
      optionaltext="(optional)"
    >
      <b-input-group-stub
        readonly=""
        tag="div"
      >
        <!---->
         
        <b-form-input-stub
          class="gl-form-input"
          debounce="0"
          formatter="[Function]"
          readonly="true"
          type="text"
          value="ssh://foo.bar"
        />
         
        <b-input-group-append-stub
          tag="div"
        >
          <gl-button-stub
            aria-label="Copy URL"
            buttontextclasses=""
            category="primary"
            class="gl-display-inline-flex"
            data-clipboard-text="ssh://foo.bar"
            data-qa-selector="copy_ssh_url_button"
            icon="copy-to-clipboard"
            size="medium"
            title="Copy URL"
            variant="default"
          />
        </b-input-group-append-stub>
      </b-input-group-stub>
    </gl-form-group-stub>
  </gl-disclosure-dropdown-item-stub>
   
  <gl-disclosure-dropdown-item-stub>
    <gl-form-group-stub
      class="gl-px-3 gl-mb-3"
      label="Clone with HTTP"
      labeldescription=""
      optionaltext="(optional)"
    >
      <b-input-group-stub
        readonly=""
        tag="div"
      >
        <!---->
         
        <b-form-input-stub
          class="gl-form-input"
          debounce="0"
          formatter="[Function]"
          readonly="true"
          type="text"
          value="http://foo.bar"
        />
         
        <b-input-group-append-stub
          tag="div"
        >
          <gl-button-stub
            aria-label="Copy URL"
            buttontextclasses=""
            category="primary"
            class="gl-display-inline-flex"
            data-clipboard-text="http://foo.bar"
            data-qa-selector="copy_http_url_button"
            icon="copy-to-clipboard"
            size="medium"
            title="Copy URL"
            variant="default"
          />
        </b-input-group-append-stub>
      </b-input-group-stub>
    </gl-form-group-stub>
  </gl-disclosure-dropdown-item-stub>
</gl-disclosure-dropdown-stub>
`;
