// Jest Snapshot v1, https://goo.gl/fbAQLP

exports[`SplitButton renders actionItems 1`] = `
<gl-deprecated-dropdown-stub
  menu-class="dropdown-menu-selectable "
  split="true"
  text="professor"
  variant="secondary"
>
  <gl-deprecated-dropdown-item-stub
    active="true"
    active-class="is-active"
  >
    <strong>
      professor
    </strong>
     
    <div>
      very symphonic
    </div>
  </gl-deprecated-dropdown-item-stub>
   
  <gl-deprecated-dropdown-divider-stub />
  <gl-deprecated-dropdown-item-stub
    active-class="is-active"
  >
    <strong>
      captain
    </strong>
     
    <div>
      warp drive
    </div>
  </gl-deprecated-dropdown-item-stub>
   
  <!---->
</gl-deprecated-dropdown-stub>
`;
