// Jest Snapshot v1, https://goo.gl/fbAQLP

exports[`content_editor/components/toolbar_link_button renders dropdown component 1`] = `
"<div title=\\"Insert link\\" lazy=\\"\\">
  <li role=\\"presentation\\" class=\\"gl-px-3!\\">
    <form tabindex=\\"-1\\" class=\\"b-dropdown-form gl-p-0\\">
      <div role=\\"group\\" class=\\"input-group\\" placeholder=\\"Link URL\\">
        <!---->
        <!----> <input type=\\"text\\" placeholder=\\"Link URL\\" class=\\"form-control gl-form-input\\">
        <div class=\\"input-group-append\\"><button type=\\"button\\" class=\\"btn btn-confirm btn-md gl-button\\">
            <!---->
            <!----> <span class=\\"gl-button-text\\">Apply</span></button></div>
        <!---->
      </div>
    </form>
  </li>
  <!---->
</div>"
`;
