// Jest Snapshot v1, https://goo.gl/fbAQLP

exports[`Repository last commit component renders commit widget 1`] = `
<div
  class="well-segment commit gl-p-5 gl-w-full gl-display-flex"
>
  <user-avatar-link-stub
    class="gl-my-2 gl-mr-4"
    imgalt=""
    imgcssclasses=""
    imgcsswrapperclasses=""
    imgsize="32"
    imgsrc="https://test.com"
    linkhref="/test"
    tooltipplacement="top"
    tooltiptext=""
    username=""
  />
   
  <div
    class="commit-detail flex-list gl-display-flex gl-justify-content-space-between gl-align-items-flex-start gl-flex-grow-1 gl-min-w-0"
  >
    <div
      class="commit-content"
      data-qa-selector="commit_content"
    >
      <gl-link-stub
        class="commit-row-message item-title"
        href="/commit/123"
      >
        Commit title
      </gl-link-stub>
       
      <!---->
       
      <div
        class="committer"
      >
        <gl-link-stub
          class="commit-author-link js-user-link"
          href="/test"
        >
          
            Test
        </gl-link-stub>
        
          authored
          
        <timeago-tooltip-stub
          cssclass=""
          time="2019-01-01"
          tooltipplacement="bottom"
        />
      </div>
       
      <!---->
    </div>
     
    <div
      class="gl-flex-grow-1"
    />
     
    <div
      class="commit-actions gl-display-flex gl-flex-align gl-align-items-center gl-flex-direction-row"
    >
      <!---->
       
      <div
        class="ci-status-link"
      >
        <gl-link-stub
          class="js-commit-pipeline"
          href="https://test.com/pipeline"
          title="Pipeline: failed"
        >
          <ci-icon-stub
            aria-label="Pipeline: failed"
            cssclasses=""
            size="24"
            status="[object Object]"
          />
        </gl-link-stub>
      </div>
       
      <gl-button-group-stub
        class="gl-ml-4 js-commit-sha-group"
      >
        <gl-button-stub
          buttontextclasses=""
          category="primary"
          class="gl-font-monospace"
          data-testid="last-commit-id-label"
          icon=""
          label="true"
          size="medium"
          variant="default"
        >
          12345678
        </gl-button-stub>
         
        <clipboard-button-stub
          category="secondary"
          class="input-group-text"
          size="medium"
          text="123456789"
          title="Copy commit SHA"
          tooltipplacement="top"
          variant="default"
        />
      </gl-button-group-stub>
    </div>
  </div>
</div>
`;
