// Jest Snapshot v1, https://goo.gl/fbAQLP

exports[`StatisticsList displays the counts data with labels 1`] = `
<div
  class="gl-display-flex gl-flex-wrap gl-gap-6 gl-mb-6"
>
  <div>
    <gl-single-stat-stub
      animationdecimalplaces="0"
      id="reference-0"
      shouldanimate="true"
      title="Total pipelines"
      titleiconclass=""
      unit=""
      usedelimiters="true"
      value="40,000"
      variant="muted"
    />
  </div>
  <div>
    <gl-single-stat-stub
      animationdecimalplaces="0"
      id="reference-1"
      shouldanimate="true"
      title="Success ratio"
      titleiconclass=""
      unit=""
      usedelimiters="true"
      value="50.00%"
      variant="muted"
    />
  </div>
  <div>
    <gl-single-stat-stub
      animationdecimalplaces="0"
      id="reference-2"
      shouldanimate="true"
      title="Successful pipelines"
      titleiconclass=""
      unit=""
      usedelimiters="true"
      value="20,000"
      variant="muted"
    />
  </div>
  <div>
    <gl-single-stat-stub
      animationdecimalplaces="0"
      id="reference-3"
      shouldanimate="true"
      title="Failed pipelines"
      titleiconclass=""
      unit=""
      usedelimiters="true"
      value="20,000"
      variant="muted"
    />
    <gl-link-stub
      class="gl-p-2"
      href="/flightjs/Flight/-/pipelines?page=1&scope=all&status=failed"
    >
      See details
    </gl-link-stub>
  </div>
</div>
`;
