// Jest Snapshot v1, https://goo.gl/fbAQLP

exports[`IncidentsSettingTabs should render the component 1`] = `
<section
  class="settings no-animate"
  data-qa-selector="incidents_settings_content"
  id="incident-management-settings"
>
  <div
    class="settings-header"
  >
    <h4
      class="settings-title js-settings-toggle js-settings-toggle-trigger-only"
    >
      
      Incidents
    
    </h4>
     
    <gl-button-stub
      buttontextclasses=""
      category="primary"
      class="js-settings-toggle"
      icon=""
      size="medium"
      variant="default"
    >
      Expand
    </gl-button-stub>
     
    <p>
      
      Fine-tune incident settings and set up integrations with external tools to help better manage incidents.
    
    </p>
  </div>
   
  <div
    class="settings-content"
  >
    <gl-tabs-stub
      queryparamname="tab"
      theme="indigo"
      value="0"
    >
      <!---->
       
      <gl-tab-stub
        title="PagerDuty integration"
        titlelinkclass=""
      >
        <pagerdutysettingsform-stub
          class="gl-pt-3"
          data-testid="PagerDutySettingsForm-tab"
        />
      </gl-tab-stub>
    </gl-tabs-stub>
  </div>
</section>
`;
