// Jest Snapshot v1, https://goo.gl/fbAQLP

exports[`Repository table row component renders table row 1`] = `
<tr
  class="tree-item file_1"
>
  <td
    class="tree-item-file-name"
  >
    <i
      aria-label="file"
      class="fa fa-fw fa-file-text-o"
      role="img"
    />
     
    <a
      class="str-truncated"
    >
      
      test
    
    </a>
     
    <!---->
  </td>
   
  <td
    class="d-none d-sm-table-cell tree-commit"
  />
   
  <td
    class="tree-time-ago text-right"
  />
</tr>
`;
