// Jest Snapshot v1, https://goo.gl/fbAQLP

exports[`monitoring/utils stateAndPropsFromDataset initial monitoring data from fixture should match snapshot 1`] = `
Object {
  "dataProps": Object {
    "alertsEndpoint": "/monitoring/monitor-project/prometheus/alerts.json?environment_id=1",
    "clustersPath": "/monitoring/monitor-project/-/clusters",
    "customMetricsAvailable": true,
    "customMetricsPath": "/monitoring/monitor-project/prometheus/metrics",
    "defaultBranch": "master",
    "documentationPath": "/help/administration/monitoring/prometheus/index.md",
    "emptyGettingStartedSvgPath": "/images/illustrations/monitoring/getting_started.svg",
    "emptyLoadingSvgPath": "/images/illustrations/monitoring/loading.svg",
    "emptyNoDataSmallSvgPath": "/images/illustrations/chart-empty-state-small.svg",
    "emptyNoDataSvgPath": "/images/illustrations/monitoring/no_data.svg",
    "emptyUnableToConnectSvgPath": "/images/illustrations/monitoring/unable_to_connect.svg",
    "environmentState": "available",
    "externalDashboardUrl": null,
    "hasMetrics": false,
    "metricsDashboardBasePath": "/monitoring/monitor-project/-/environments/1/metrics",
    "metricsEndpoint": "/monitoring/monitor-project/-/environments/1/additional_metrics.json",
    "prometheusAlertsAvailable": true,
    "prometheusStatus": "",
    "settingsPath": "/monitoring/monitor-project/-/services/prometheus/edit",
    "tagsPath": "/monitoring/monitor-project/-/tags",
    "validateQueryPath": "/monitoring/monitor-project/prometheus/metrics/validate_query",
  },
  "initState": Object {
    "currentDashboard": undefined,
    "currentEnvironmentName": "environment1",
    "customDashboardBasePath": ".gitlab/dashboards",
    "dashboardEndpoint": "/monitoring/monitor-project/-/environments/1/metrics_dashboard.json",
    "dashboardTimezone": "LOCAL",
    "dashboardsEndpoint": "/monitoring/monitor-project/-/performance_monitoring/dashboards.json",
    "deploymentsEndpoint": "/monitoring/monitor-project/-/environments/1/deployments.json",
    "logsPath": "/monitoring/monitor-project/-/logs?environment_name=environment1",
    "projectPath": "/monitoring/monitor-project",
  },
}
`;
