// Jest Snapshot v1, https://goo.gl/fbAQLP

exports[`CiCdAnalyticsAreaChart matches the snapshot 1`] = `
<div
  class="gl-mt-3"
>
  <p>
    Some title
  </p>
  <glareachart-stub
    annotations=""
    data="[object Object],[object Object]"
    height="300"
    legendaveragetext="Avg"
    legendcurrenttext="Current"
    legendlayout="inline"
    legendmaxtext="Max"
    legendmintext="Min"
    legendseriesinfo=""
    option="[object Object]"
    responsive=""
    thresholds=""
    width="auto"
  />
</div>
`;
