// Jest Snapshot v1, https://goo.gl/fbAQLP

exports[`Findings Drawer Details General Rendering matches the snapshot with detected badge 1`] = `
<ul
  class="!gl-pb-0 gl-border-b-initial gl-list-none gl-mb-0"
>
  <drawer-item-stub
    data-testid="findings-drawer-title"
    description="Name"
    value="mockedtitle"
  />
  <drawer-item-stub
    description="Status"
    value=""
  >
    <gl-badge-stub
      class="text-capitalize"
      iconsize="md"
      tag="span"
      target="_self"
      variant="warning"
    >
      detected
    </gl-badge-stub>
  </drawer-item-stub>
  <drawer-item-stub
    description="Description"
    value="fakedesc"
  />
  <drawer-item-stub
    description="Project"
    value=""
  >
    <gl-link-stub
      href="/testpath"
    >
      testname
    </gl-link-stub>
  </drawer-item-stub>
  <drawer-item-stub
    description="File"
    value=""
  />
  <drawer-item-stub
    description="Identifiers"
    value=""
  >
    <span>
      <gl-link-stub
        href="https://semgrep.dev/r/gitlab.eslint.detect-disable-mustache-escape"
      >
        eslint.detect-disable-mustache-escape
      </gl-link-stub>
    </span>
  </drawer-item-stub>
  <drawer-item-stub
    description="Tool"
    value="SAST"
  />
  <drawer-item-stub
    description="Engine"
    value="testengine name"
  />
</ul>
`;

exports[`Findings Drawer Details General Rendering matches the snapshot with dismissed badge 1`] = `
<ul
  class="!gl-pb-0 gl-border-b-initial gl-list-none gl-mb-0"
>
  <drawer-item-stub
    data-testid="findings-drawer-title"
    description="Name"
    value="mockedtitle"
  />
  <drawer-item-stub
    description="Status"
    value=""
  >
    <gl-badge-stub
      class="text-capitalize"
      iconsize="md"
      tag="span"
      target="_self"
      variant="warning"
    >
      detected
    </gl-badge-stub>
  </drawer-item-stub>
  <drawer-item-stub
    description="Description"
    value="fakedesc"
  />
  <drawer-item-stub
    description="Project"
    value=""
  >
    <gl-link-stub
      href="/testpath"
    >
      testname
    </gl-link-stub>
  </drawer-item-stub>
  <drawer-item-stub
    description="File"
    value=""
  />
  <drawer-item-stub
    description="Identifiers"
    value=""
  >
    <span>
      <gl-link-stub
        href="https://semgrep.dev/r/gitlab.eslint.detect-disable-mustache-escape"
      >
        eslint.detect-disable-mustache-escape
      </gl-link-stub>
    </span>
  </drawer-item-stub>
  <drawer-item-stub
    description="Tool"
    value="SAST"
  />
  <drawer-item-stub
    description="Engine"
    value="testengine name"
  />
</ul>
`;
