// Jest Snapshot v1, https://goo.gl/fbAQLP

exports[`Registry Breadcrumb when is rootRoute renders 1`] = `
<ul>
  <li
    class="foo bar"
  >
    baz
  </li>
  <li
    class="foo bar"
  >
    foo
  </li>
   
  <!---->
   
  <li>
    <a
      class="foo"
    >
      <a>
        
      </a>
    </a>
  </li>
</ul>
`;
