// Jest Snapshot v1, https://goo.gl/fbAQLP

exports[`DAG visualization parsing utilities generateColumnsFromLayersList matches the snapshot 1`] = `
Array [
  Object {
    "groups": Array [
      Object {
        "__typename": "CiGroup",
        "jobs": Array [
          Object {
            "__typename": "CiJob",
            "name": "build_a_nlfjkdnlvskfnksvjknlfdjvlvnjdkjdf_nvjkenjkrlngjeknjkl",
            "needs": Array [],
            "scheduledAt": null,
            "status": Object {
              "__typename": "DetailedStatus",
              "action": Object {
                "__typename": "StatusAction",
                "buttonTitle": "Retry this job",
                "icon": "retry",
                "path": "/root/abcd-dag/-/jobs/1482/retry",
                "title": "Retry",
              },
              "detailsPath": "/root/abcd-dag/-/jobs/1482",
              "group": "success",
              "hasDetails": true,
              "icon": "status_success",
              "tooltip": "passed",
            },
          },
        ],
        "name": "build_a_nlfjkdnlvskfnksvjknlfdjvlvnjdkjdf_nvjkenjkrlngjeknjkl",
        "size": 1,
        "stageName": "build",
        "status": Object {
          "__typename": "DetailedStatus",
          "group": "success",
          "icon": "status_success",
          "label": "passed",
        },
      },
      Object {
        "__typename": "CiGroup",
        "jobs": Array [
          Object {
            "__typename": "CiJob",
            "name": "build_b",
            "needs": Array [],
            "scheduledAt": null,
            "status": Object {
              "__typename": "DetailedStatus",
              "action": Object {
                "__typename": "StatusAction",
                "buttonTitle": "Retry this job",
                "icon": "retry",
                "path": "/root/abcd-dag/-/jobs/1515/retry",
                "title": "Retry",
              },
              "detailsPath": "/root/abcd-dag/-/jobs/1515",
              "group": "success",
              "hasDetails": true,
              "icon": "status_success",
              "tooltip": "passed",
            },
          },
        ],
        "name": "build_b",
        "size": 1,
        "stageName": "build",
        "status": Object {
          "__typename": "DetailedStatus",
          "group": "success",
          "icon": "status_success",
          "label": "passed",
        },
      },
      Object {
        "__typename": "CiGroup",
        "jobs": Array [
          Object {
            "__typename": "CiJob",
            "name": "build_c",
            "needs": Array [],
            "scheduledAt": null,
            "status": Object {
              "__typename": "DetailedStatus",
              "action": Object {
                "__typename": "StatusAction",
                "buttonTitle": "Retry this job",
                "icon": "retry",
                "path": "/root/abcd-dag/-/jobs/1484/retry",
                "title": "Retry",
              },
              "detailsPath": "/root/abcd-dag/-/jobs/1484",
              "group": "success",
              "hasDetails": true,
              "icon": "status_success",
              "tooltip": "passed",
            },
          },
        ],
        "name": "build_c",
        "size": 1,
        "stageName": "build",
        "status": Object {
          "__typename": "DetailedStatus",
          "group": "success",
          "icon": "status_success",
          "label": "passed",
        },
      },
      Object {
        "__typename": "CiGroup",
        "jobs": Array [
          Object {
            "__typename": "CiJob",
            "name": "build_d 1/3",
            "needs": Array [],
            "scheduledAt": null,
            "status": Object {
              "__typename": "DetailedStatus",
              "action": Object {
                "__typename": "StatusAction",
                "buttonTitle": "Retry this job",
                "icon": "retry",
                "path": "/root/abcd-dag/-/jobs/1485/retry",
                "title": "Retry",
              },
              "detailsPath": "/root/abcd-dag/-/jobs/1485",
              "group": "success",
              "hasDetails": true,
              "icon": "status_success",
              "tooltip": "passed",
            },
          },
          Object {
            "__typename": "CiJob",
            "name": "build_d 2/3",
            "needs": Array [],
            "scheduledAt": null,
            "status": Object {
              "__typename": "DetailedStatus",
              "action": Object {
                "__typename": "StatusAction",
                "buttonTitle": "Retry this job",
                "icon": "retry",
                "path": "/root/abcd-dag/-/jobs/1486/retry",
                "title": "Retry",
              },
              "detailsPath": "/root/abcd-dag/-/jobs/1486",
              "group": "success",
              "hasDetails": true,
              "icon": "status_success",
              "tooltip": "passed",
            },
          },
          Object {
            "__typename": "CiJob",
            "name": "build_d 3/3",
            "needs": Array [],
            "scheduledAt": null,
            "status": Object {
              "__typename": "DetailedStatus",
              "action": Object {
                "__typename": "StatusAction",
                "buttonTitle": "Retry this job",
                "icon": "retry",
                "path": "/root/abcd-dag/-/jobs/1487/retry",
                "title": "Retry",
              },
              "detailsPath": "/root/abcd-dag/-/jobs/1487",
              "group": "success",
              "hasDetails": true,
              "icon": "status_success",
              "tooltip": "passed",
            },
          },
        ],
        "name": "build_d",
        "size": 3,
        "stageName": "build",
        "status": Object {
          "__typename": "DetailedStatus",
          "group": "success",
          "icon": "status_success",
          "label": "passed",
        },
      },
      Object {
        "__typename": "CiGroup",
        "jobs": Array [
          Object {
            "__typename": "CiJob",
            "name": "test_c",
            "needs": Array [],
            "scheduledAt": null,
            "status": Object {
              "__typename": "DetailedStatus",
              "action": null,
              "detailsPath": "/root/kinder-pipe/-/pipelines/154",
              "group": "success",
              "hasDetails": true,
              "icon": "status_success",
              "tooltip": null,
            },
          },
        ],
        "name": "test_c",
        "size": 1,
        "stageName": "test",
        "status": Object {
          "__typename": "DetailedStatus",
          "group": "success",
          "icon": "status_success",
          "label": null,
        },
      },
    ],
    "id": "layer-0",
    "name": "",
    "status": Object {
      "action": null,
    },
  },
  Object {
    "groups": Array [
      Object {
        "__typename": "CiGroup",
        "jobs": Array [
          Object {
            "__typename": "CiJob",
            "name": "test_a",
            "needs": Array [
              "build_c",
              "build_b",
              "build_a_nlfjkdnlvskfnksvjknlfdjvlvnjdkjdf_nvjkenjkrlngjeknjkl",
            ],
            "scheduledAt": null,
            "status": Object {
              "__typename": "DetailedStatus",
              "action": Object {
                "__typename": "StatusAction",
                "buttonTitle": "Retry this job",
                "icon": "retry",
                "path": "/root/abcd-dag/-/jobs/1514/retry",
                "title": "Retry",
              },
              "detailsPath": "/root/abcd-dag/-/jobs/1514",
              "group": "success",
              "hasDetails": true,
              "icon": "status_success",
              "tooltip": "passed",
            },
          },
        ],
        "name": "test_a",
        "size": 1,
        "stageName": "test",
        "status": Object {
          "__typename": "DetailedStatus",
          "group": "success",
          "icon": "status_success",
          "label": "passed",
        },
      },
      Object {
        "__typename": "CiGroup",
        "jobs": Array [
          Object {
            "__typename": "CiJob",
            "name": "test_b 1/2",
            "needs": Array [
              "build_d 3/3",
              "build_d 2/3",
              "build_d 1/3",
              "build_b",
              "build_a_nlfjkdnlvskfnksvjknlfdjvlvnjdkjdf_nvjkenjkrlngjeknjkl",
            ],
            "scheduledAt": null,
            "status": Object {
              "__typename": "DetailedStatus",
              "action": Object {
                "__typename": "StatusAction",
                "buttonTitle": "Retry this job",
                "icon": "retry",
                "path": "/root/abcd-dag/-/jobs/1489/retry",
                "title": "Retry",
              },
              "detailsPath": "/root/abcd-dag/-/jobs/1489",
              "group": "success",
              "hasDetails": true,
              "icon": "status_success",
              "tooltip": "passed",
            },
          },
          Object {
            "__typename": "CiJob",
            "name": "test_b 2/2",
            "needs": Array [
              "build_d 3/3",
              "build_d 2/3",
              "build_d 1/3",
              "build_b",
              "build_a_nlfjkdnlvskfnksvjknlfdjvlvnjdkjdf_nvjkenjkrlngjeknjkl",
            ],
            "scheduledAt": null,
            "status": Object {
              "__typename": "DetailedStatus",
              "action": Object {
                "__typename": "StatusAction",
                "buttonTitle": "Retry this job",
                "icon": "retry",
                "path": "/root/abcd-dag/-/jobs/1490/retry",
                "title": "Retry",
              },
              "detailsPath": "/root/abcd-dag/-/jobs/1490",
              "group": "success",
              "hasDetails": true,
              "icon": "status_success",
              "tooltip": "passed",
            },
          },
        ],
        "name": "test_b",
        "size": 2,
        "stageName": "test",
        "status": Object {
          "__typename": "DetailedStatus",
          "group": "success",
          "icon": "status_success",
          "label": "passed",
        },
      },
      Object {
        "__typename": "CiGroup",
        "jobs": Array [
          Object {
            "__typename": "CiJob",
            "name": "test_d",
            "needs": Array [
              "build_b",
            ],
            "scheduledAt": null,
            "status": Object {
              "__typename": "DetailedStatus",
              "action": null,
              "detailsPath": "/root/abcd-dag/-/pipelines/153",
              "group": "success",
              "hasDetails": true,
              "icon": "status_success",
              "tooltip": null,
            },
          },
        ],
        "name": "test_d",
        "size": 1,
        "stageName": "test",
        "status": Object {
          "__typename": "DetailedStatus",
          "group": "success",
          "icon": "status_success",
          "label": null,
        },
      },
    ],
    "id": "layer-1",
    "name": "",
    "status": Object {
      "action": null,
    },
  },
]
`;
