// Jest Snapshot v1, https://goo.gl/fbAQLP

exports[`packages_list_app renders 1`] = `
<div>
  <infrastructure-title-stub
    count="1"
    helpurl="foo"
  />
   
  <infrastructure-search-stub />
   
  <div>
    <section
      class="gl-display-flex empty-state gl-text-center gl-flex-direction-column"
    >
      <div
        class="gl-max-w-full"
      >
        <div
          class="svg-250 svg-content"
        >
          <img
            alt=""
            class="gl-max-w-full gl-dark-invert-keep-hue"
            role="img"
            src="helpSvg"
          />
        </div>
      </div>
       
      <div
        class="gl-max-w-full gl-m-auto"
        data-testid="gl-empty-state-content"
      >
        <div
          class="gl-mx-auto gl-my-0 gl-p-5"
        >
          <h1
            class="gl-font-size-h-display gl-line-height-36 h4"
          >
            
          There are no packages yet
        
          </h1>
           
          <p
            class="gl-mt-3"
          >
            Learn how to 
            <b-link-stub
              class="gl-link"
              href="helpUrl"
              target="_blank"
            >
              publish and share your packages
            </b-link-stub>
             with GitLab.
          </p>
           
          <div
            class="gl-display-flex gl-flex-wrap gl-justify-content-center"
          >
            <!---->
             
            <!---->
          </div>
        </div>
      </div>
    </section>
  </div>
</div>
`;
