// Jest Snapshot v1, https://goo.gl/fbAQLP

exports[`Design management toolbar component renders design and updated data 1`] = `
<header
  class="gl-display-flex gl-align-items-center gl-justify-content-space-between gl-bg-white gl-py-4 gl-pl-4 js-design-header"
>
  <div
    class="gl-display-flex gl-align-items-center"
  >
    <a
      aria-label="Go back to designs"
      class="gl-mr-5 gl-display-flex gl-align-items-center gl-justify-content-center text-plain"
      data-testid="close-design"
    >
      <gl-icon-stub
        name="close"
        size="16"
      />
    </a>
     
    <div
      class="gl-overflow-hidden gl-display-flex gl-align-items-center"
    >
      <h2
        class="gl-m-0 str-truncated-100 gl-font-base"
      >
        test.jpg
      </h2>
       
      <small
        class="gl-text-gray-500"
      >
        Updated 1 hour ago by Test Name
      </small>
    </div>
  </div>
   
  <design-navigation-stub
    class="gl-ml-auto gl-flex-shrink-0"
    id="1"
  />
   
  <gl-button-stub
    aria-label="Download design"
    buttontextclasses=""
    category="primary"
    href="/-/designs/306/7f747adcd4693afadbe968d7ba7d983349b9012d"
    icon="download"
    size="medium"
    title="Download design"
    variant="default"
  />
   
  <delete-button-stub
    buttoncategory="secondary"
    buttonclass=""
    buttonicon="archive"
    buttonsize="medium"
    buttonvariant="warning"
    class="gl-ml-3"
    hasselecteddesigns="true"
    title="Archive design"
  />
</header>
`;
