// Jest Snapshot v1, https://goo.gl/fbAQLP

exports[`Design management design version dropdown component renders design version dropdown button 1`] = `
<gl-dropdown-stub
  category="primary"
  headertext=""
  hideheaderborder="true"
  issueiid=""
  projectpath=""
  size="small"
  text="Showing latest version"
  variant="default"
>
  <gl-dropdown-item-stub
    avatarurl=""
    iconcolor=""
    iconname=""
    iconrightarialabel=""
    iconrightname=""
    ischeckcentered="true"
    ischecked="true"
    ischeckitem="true"
    secondarytext=""
  >
    <strong>
      Version 
          2
         (latest)
    </strong>
     
    <div
      class="gl-text-gray-600 gl-mt-1"
    >
      <div>
        Adminstrator
      </div>
       
      <time-ago-stub
        class="text-1"
        cssclass=""
        time="2021-08-09T06:05:00Z"
        tooltipplacement="bottom"
      />
    </div>
  </gl-dropdown-item-stub>
  <gl-dropdown-item-stub
    avatarurl=""
    iconcolor=""
    iconname=""
    iconrightarialabel=""
    iconrightname=""
    ischeckcentered="true"
    ischeckitem="true"
    secondarytext=""
  >
    <strong>
      Version 
          1
        
    </strong>
     
    <div
      class="gl-text-gray-600 gl-mt-1"
    >
      <div>
        Adminstrator
      </div>
       
      <time-ago-stub
        class="text-1"
        cssclass=""
        time="2021-08-09T06:05:00Z"
        tooltipplacement="bottom"
      />
    </div>
  </gl-dropdown-item-stub>
</gl-dropdown-stub>
`;

exports[`Design management design version dropdown component renders design version list 1`] = `
<gl-dropdown-stub
  category="primary"
  headertext=""
  hideheaderborder="true"
  issueiid=""
  projectpath=""
  size="small"
  text="Showing latest version"
  variant="default"
>
  <gl-dropdown-item-stub
    avatarurl=""
    iconcolor=""
    iconname=""
    iconrightarialabel=""
    iconrightname=""
    ischeckcentered="true"
    ischecked="true"
    ischeckitem="true"
    secondarytext=""
  >
    <strong>
      Version 
          2
         (latest)
    </strong>
     
    <div
      class="gl-text-gray-600 gl-mt-1"
    >
      <div>
        Adminstrator
      </div>
       
      <time-ago-stub
        class="text-1"
        cssclass=""
        time="2021-08-09T06:05:00Z"
        tooltipplacement="bottom"
      />
    </div>
  </gl-dropdown-item-stub>
  <gl-dropdown-item-stub
    avatarurl=""
    iconcolor=""
    iconname=""
    iconrightarialabel=""
    iconrightname=""
    ischeckcentered="true"
    ischeckitem="true"
    secondarytext=""
  >
    <strong>
      Version 
          1
        
    </strong>
     
    <div
      class="gl-text-gray-600 gl-mt-1"
    >
      <div>
        Adminstrator
      </div>
       
      <time-ago-stub
        class="text-1"
        cssclass=""
        time="2021-08-09T06:05:00Z"
        tooltipplacement="bottom"
      />
    </div>
  </gl-dropdown-item-stub>
</gl-dropdown-stub>
`;
