// Jest Snapshot v1, https://goo.gl/fbAQLP

exports[`PypiInstallation renders all the messages 1`] = `
<div>
  <installation-title-stub
    options="[object Object]"
    packagetype="pypi"
  />
   
  <code-instruction-stub
    copytext="Copy Pip command"
    data-testid="pip-command"
    instruction="pip install @gitlab-org/package-15 --extra-index-url http://__token__:<your_personal_token>@gdk.test:3000/api/v4/projects/1/packages/pypi/simple"
    label="Pip Command"
    trackingaction="copy_pip_install_command"
    trackinglabel="code_instruction"
  />
   
  <h3
    class="gl-font-lg"
  >
    Registry setup
  </h3>
   
  <p>
    If you haven't already done so, you will need to add the below to your 
    <code>
      .pypirc
    </code>
     file.
  </p>
   
  <code-instruction-stub
    copytext="Copy .pypirc content"
    data-testid="pypi-setup-content"
    instruction="[gitlab]
repository = http://gdk.test:3000/api/v4/projects/1/packages/pypi
username = __token__
password = <your personal access token>"
    label=""
    multiline="true"
    trackingaction="copy_pypi_setup_command"
    trackinglabel="code_instruction"
  />
   For more information on the PyPi registry, 
  <gl-link-stub
    href="/help/user/packages/pypi_repository/index"
    target="_blank"
  >
    see the documentation
  </gl-link-stub>
  .
</div>
`;
